// Jest Snapshot v1, https://goo.gl/fbAQLP

exports[`ListPresenter test should return only Waiting component whilte loading 1`] = `
<div>
  <div
    class="list-presenter"
  >
    <div
      class="waiting-wrapper"
    >
      <svg
        fill="white"
        height="48"
        viewBox="0 0 24 24"
        width="48"
        xmlns="http://www.w3.org/2000/svg"
      >
        <rect
          height="10"
          rx="1"
          width="10"
          x="1"
          y="1"
        >
          <animate
            attributeName="x"
            begin="0;l.end"
            dur="0.2s"
            fill="freeze"
            id="a"
            values="1;13"
          />
          <animate
            attributeName="y"
            begin="c.end"
            dur="0.2s"
            fill="freeze"
            id="d"
            values="1;13"
          />
          <animate
            attributeName="x"
            begin="f.end"
            dur="0.2s"
            fill="freeze"
            id="g"
            values="13;1"
          />
          <animate
            attributeName="y"
            begin="i.end"
            dur="0.2s"
            fill="freeze"
            id="j"
            values="13;1"
          />
        </rect>
        <rect
          height="10"
          rx="1"
          width="10"
          x="1"
          y="13"
        >
          <animate
            attributeName="y"
            begin="a.end"
            dur="0.2s"
            fill="freeze"
            id="b"
            values="13;1"
          />
          <animate
            attributeName="x"
            begin="d.end"
            dur="0.2s"
            fill="freeze"
            id="e"
            values="1;13"
          />
          <animate
            attributeName="y"
            begin="g.end"
            dur="0.2s"
            fill="freeze"
            id="h"
            values="1;13"
          />
          <animate
            attributeName="x"
            begin="j.end"
            dur="0.2s"
            fill="freeze"
            id="k"
            values="13;1"
          />
        </rect>
        <rect
          height="10"
          rx="1"
          width="10"
          x="13"
          y="13"
        >
          <animate
            attributeName="x"
            begin="b.end"
            dur="0.2s"
            fill="freeze"
            id="c"
            values="13;1"
          />
          <animate
            attributeName="y"
            begin="e.end"
            dur="0.2s"
            fill="freeze"
            id="f"
            values="13;1"
          />
          <animate
            attributeName="x"
            begin="h.end"
            dur="0.2s"
            fill="freeze"
            id="i"
            values="1;13"
          />
          <animate
            attributeName="y"
            begin="k.end"
            dur="0.2s"
            fill="freeze"
            id="l"
            values="1;13"
          />
        </rect>
      </svg>
    </div>
  </div>
</div>
`;

exports[`ListPresenter test should return several entries after loading 1`] = `
<div>
  <div
    class="list-presenter"
  >
    <div
      class="waiting-wrapper"
    >
      <svg
        fill="white"
        height="48"
        viewBox="0 0 24 24"
        width="48"
        xmlns="http://www.w3.org/2000/svg"
      >
        <rect
          height="10"
          rx="1"
          width="10"
          x="1"
          y="1"
        >
          <animate
            attributeName="x"
            begin="0;l.end"
            dur="0.2s"
            fill="freeze"
            id="a"
            values="1;13"
          />
          <animate
            attributeName="y"
            begin="c.end"
            dur="0.2s"
            fill="freeze"
            id="d"
            values="1;13"
          />
          <animate
            attributeName="x"
            begin="f.end"
            dur="0.2s"
            fill="freeze"
            id="g"
            values="13;1"
          />
          <animate
            attributeName="y"
            begin="i.end"
            dur="0.2s"
            fill="freeze"
            id="j"
            values="13;1"
          />
        </rect>
        <rect
          height="10"
          rx="1"
          width="10"
          x="1"
          y="13"
        >
          <animate
            attributeName="y"
            begin="a.end"
            dur="0.2s"
            fill="freeze"
            id="b"
            values="13;1"
          />
          <animate
            attributeName="x"
            begin="d.end"
            dur="0.2s"
            fill="freeze"
            id="e"
            values="1;13"
          />
          <animate
            attributeName="y"
            begin="g.end"
            dur="0.2s"
            fill="freeze"
            id="h"
            values="1;13"
          />
          <animate
            attributeName="x"
            begin="j.end"
            dur="0.2s"
            fill="freeze"
            id="k"
            values="13;1"
          />
        </rect>
        <rect
          height="10"
          rx="1"
          width="10"
          x="13"
          y="13"
        >
          <animate
            attributeName="x"
            begin="b.end"
            dur="0.2s"
            fill="freeze"
            id="c"
            values="13;1"
          />
          <animate
            attributeName="y"
            begin="e.end"
            dur="0.2s"
            fill="freeze"
            id="f"
            values="13;1"
          />
          <animate
            attributeName="x"
            begin="h.end"
            dur="0.2s"
            fill="freeze"
            id="i"
            values="1;13"
          />
          <animate
            attributeName="y"
            begin="k.end"
            dur="0.2s"
            fill="freeze"
            id="l"
            values="1;13"
          />
        </rect>
      </svg>
    </div>
  </div>
</div>
`;
